Archive member included to satisfy reference by file (symbol)

d:/atmel/studio/7.0/toolchain/avr8/avr8-gnu-toolchain/bin/../lib/gcc/avr/5.4.0/avrxmega6\libgcc.a(_udivmodhi4.o)
                              main.o (__udivmodhi4)
d:/atmel/studio/7.0/toolchain/avr8/avr8-gnu-toolchain/bin/../lib/gcc/avr/5.4.0/avrxmega6\libgcc.a(_udivmodsi4.o)
                              src/ASF/xmega/services/pwm/pwm.o (__udivmodsi4)
d:/atmel/studio/7.0/toolchain/avr8/avr8-gnu-toolchain/bin/../lib/gcc/avr/5.4.0/avrxmega6\libgcc.a(_exit.o)
                              D:/Atmel/Studio/7.0/Packs/atmel/XMEGAA_DFP/1.2.141/gcc/dev/atxmega128a3u/avrxmega6/crtatxmega128a3u.o (exit)
d:/atmel/studio/7.0/toolchain/avr8/avr8-gnu-toolchain/bin/../lib/gcc/avr/5.4.0/avrxmega6\libgcc.a(_tablejump2.o)
                              src/ASF/xmega/services/pwm/pwm.o (__tablejump2__)
d:/atmel/studio/7.0/toolchain/avr8/avr8-gnu-toolchain/bin/../lib/gcc/avr/5.4.0/avrxmega6\libgcc.a(_copy_data.o)
                              adc_setup.o (__do_copy_data)
d:/atmel/studio/7.0/toolchain/avr8/avr8-gnu-toolchain/bin/../lib/gcc/avr/5.4.0/avrxmega6\libgcc.a(_clear_bss.o)
                              main.o (__do_clear_bss)
d:/atmel/studio/7.0/toolchain/avr8/avr8-gnu-toolchain/bin/../lib/gcc/avr/5.4.0/avrxmega6\libgcc.a(_umulhisi3.o)
                              src/ASF/xmega/services/pwm/pwm.o (__umulhisi3)
d:/atmel/studio/7.0/toolchain/avr8/avr8-gnu-toolchain/bin/../lib/gcc/avr/5.4.0/../../../../avr/lib/avrxmega6\libc.a(memcpy.o)
                              src/ASF/xmega/drivers/nvm/nvm.o (memcpy)
d:/atmel/studio/7.0/toolchain/avr8/avr8-gnu-toolchain/bin/../lib/gcc/avr/5.4.0/../../../../avr/lib/avrxmega6\libc.a(strcat.o)
                              main.o (strcat)

Allocating common symbols
Common symbol       size              file

txfifo_desc         0x6               main.o
fifo_txbuf          0x80              usartf0.o
adcb_callback       0x2               src/ASF/xmega/drivers/adc/adc.o
rxfifo_desc         0x6               main.o
sleepmgr_locks      0x6               src/ASF/common/services/sleepmgr/xmega/sleepmgr.o
fifo_rxbuf          0x40              usartf0.o
adca_callback       0x2               src/ASF/xmega/drivers/adc/adc.o

Discarded input sections

 .data          0x00000000        0x0 D:/Atmel/Studio/7.0/Packs/atmel/XMEGAA_DFP/1.2.141/gcc/dev/atxmega128a3u/avrxmega6/crtatxmega128a3u.o
 .bss           0x00000000        0x0 D:/Atmel/Studio/7.0/Packs/atmel/XMEGAA_DFP/1.2.141/gcc/dev/atxmega128a3u/avrxmega6/crtatxmega128a3u.o
 .group         0x00000000        0x8 adc_setup.o
 .group         0x00000000        0x8 adc_setup.o
 .group         0x00000000        0x8 adc_setup.o
 .group         0x00000000        0x8 adc_setup.o
 .group         0x00000000        0x8 adc_setup.o
 .group         0x00000000        0x8 adc_setup.o
 .group         0x00000000        0x8 adc_setup.o
 .group         0x00000000        0x8 adc_setup.o
 .group         0x00000000        0x8 adc_setup.o
 .group         0x00000000        0x8 adc_setup.o
 .group         0x00000000        0x8 adc_setup.o
 .group         0x00000000        0x8 adc_setup.o
 .group         0x00000000        0x8 adc_setup.o
 .group         0x00000000        0x8 adc_setup.o
 .group         0x00000000        0x8 adc_setup.o
 .group         0x00000000        0x8 adc_setup.o
 .group         0x00000000        0x8 adc_setup.o
 .group         0x00000000        0x8 adc_setup.o
 .group         0x00000000        0x8 adc_setup.o
 .group         0x00000000        0x8 adc_setup.o
 .group         0x00000000        0x8 adc_setup.o
 .group         0x00000000        0x8 adc_setup.o
 .group         0x00000000        0x8 adc_setup.o
 .group         0x00000000        0x8 adc_setup.o
 .group         0x00000000        0x8 adc_setup.o
 .group         0x00000000        0x8 adc_setup.o
 .group         0x00000000        0x8 adc_setup.o
 .group         0x00000000        0x8 adc_setup.o
 .group         0x00000000        0x8 adc_setup.o
 .group         0x00000000        0x8 adc_setup.o
 .group         0x00000000        0x8 adc_setup.o
 .group         0x00000000        0x8 adc_setup.o
 .group         0x00000000        0x8 adc_setup.o
 .group         0x00000000        0x8 adc_setup.o
 .group         0x00000000        0x8 adc_setup.o
 .group         0x00000000        0x8 adc_setup.o
 .group         0x00000000        0x8 adc_setup.o
 .group         0x00000000        0x8 adc_setup.o
 .group         0x00000000        0x8 adc_setup.o
 .group         0x00000000        0x8 adc_setup.o
 .group         0x00000000        0x8 adc_setup.o
 .group         0x00000000        0x8 adc_setup.o
 .group         0x00000000        0x8 adc_setup.o
 .group         0x00000000        0x8 adc_setup.o
 .group         0x00000000        0x8 adc_setup.o
 .group         0x00000000        0x8 adc_setup.o
 .group         0x00000000        0x8 adc_setup.o
 .group         0x00000000        0x8 adc_setup.o
 .group         0x00000000        0x8 adc_setup.o
[...]
Memory Configuration

Name             Origin             Length             Attributes
text             0x00000000         0x00022000         xr
data             0x00802000         0x00002000         rw !x
eeprom           0x00810000         0x00000800         rw !x
fuse             0x00820000         0x00000006         rw !x
lock             0x00830000         0x00000400         rw !x
signature        0x00840000         0x00000400         rw !x
user_signatures  0x00850000         0x00000400         rw !x
*default*        0x00000000         0xffffffff

Linker script and memory map

LOAD D:/Atmel/Studio/7.0/Packs/atmel/XMEGAA_DFP/1.2.141/gcc/dev/atxmega128a3u/avrxmega6/crtatxmega128a3u.o
LOAD adc_setup.o
LOAD clk_setup.o
LOAD functions.o
LOAD main.o
LOAD src/ASF/common/services/sleepmgr/xmega/sleepmgr.o
LOAD src/ASF/xmega/drivers/adc/adc.o
LOAD src/ASF/xmega/drivers/adc/xmega_aau/adc_aau.o
LOAD src/ASF/xmega/drivers/tc/tc.o
LOAD src/ASF/xmega/services/pwm/pwm.o
LOAD usartf0.o
LOAD src/ASF/common/services/clock/xmega/sysclk.o
LOAD src/ASF/common/services/fifo/fifo.o
LOAD src/ASF/common/services/serial/usart_serial.o
LOAD src/ASF/xmega/drivers/nvm/nvm.o
LOAD src/ASF/xmega/drivers/nvm/nvm_asm.o
LOAD src/ASF/xmega/drivers/cpu/ccp.o
LOAD src/ASF/common/services/ioport/xmega/ioport_compat.o
LOAD src/ASF/xmega/boards/stk600/rc064x/init.o
LOAD src/ASF/xmega/drivers/usart/usart.o
START GROUP
LOAD d:/atmel/studio/7.0/toolchain/avr8/avr8-gnu-toolchain/bin/../lib/gcc/avr/5.4.0/../../../../avr/lib/avrxmega6\libm.a
END GROUP
Address of section .BOOT set to 0x20000
START GROUP
LOAD d:/atmel/studio/7.0/toolchain/avr8/avr8-gnu-toolchain/bin/../lib/gcc/avr/5.4.0/avrxmega6\libgcc.a
LOAD d:/atmel/studio/7.0/toolchain/avr8/avr8-gnu-toolchain/bin/../lib/gcc/avr/5.4.0/../../../../avr/lib/avrxmega6\libm.a
LOAD d:/atmel/studio/7.0/toolchain/avr8/avr8-gnu-toolchain/bin/../lib/gcc/avr/5.4.0/../../../../avr/lib/avrxmega6\libc.a
LOAD D:/Atmel/Studio/7.0/Packs/atmel/XMEGAA_DFP/1.2.141/gcc/dev/atxmega128a3u/avrxmega6\libatxmega128a3u.a
END GROUP
                [0x00000000]                __TEXT_REGION_ORIGIN__ = DEFINED (__TEXT_REGION_ORIGIN__)?__TEXT_REGION_ORIGIN__:0x0
                [0x00802000]                __DATA_REGION_ORIGIN__ = DEFINED (__DATA_REGION_ORIGIN__)?__DATA_REGION_ORIGIN__:0x802000
                [0x00022000]                __TEXT_REGION_LENGTH__ = DEFINED (__TEXT_REGION_LENGTH__)?__TEXT_REGION_LENGTH__:0x100000
                [0x00002000]                __DATA_REGION_LENGTH__ = DEFINED (__DATA_REGION_LENGTH__)?__DATA_REGION_LENGTH__:0xffa0
                [0x00000800]                __EEPROM_REGION_LENGTH__ = DEFINED (__EEPROM_REGION_LENGTH__)?__EEPROM_REGION_LENGTH__:0x10000
                [0x00000006]                __FUSE_REGION_LENGTH__ = DEFINED (__FUSE_REGION_LENGTH__)?__FUSE_REGION_LENGTH__:0x400
                0x00000400                __LOCK_REGION_LENGTH__ = DEFINED (__LOCK_REGION_LENGTH__)?__LOCK_REGION_LENGTH__:0x400
                0x00000400                __SIGNATURE_REGION_LENGTH__ = DEFINED (__SIGNATURE_REGION_LENGTH__)?__SIGNATURE_REGION_LENGTH__:0x400
                0x00000400                __USER_SIGNATURE_REGION_LENGTH__ = DEFINED (__USER_SIGNATURE_REGION_LENGTH__)?__USER_SIGNATURE_REGION_LENGTH__:0x400

.hash
 *(.hash)

.dynsym
 *(.dynsym)

.dynstr
 *(.dynstr)

.gnu.version
 *(.gnu.version)

.gnu.version_d
 *(.gnu.version_d)

.gnu.version_r
 *(.gnu.version_r)

.rel.init
 *(.rel.init)

.rela.init
 *(.rela.init)

.rel.text
 *(.rel.text)
 *(.rel.text.*)
 *(.rel.gnu.linkonce.t*)

.rela.text
 *(.rela.text)
 *(.rela.text.*)
 *(.rela.gnu.linkonce.t*)

.rel.fini
 *(.rel.fini)

.rela.fini
 *(.rela.fini)

.rel.rodata
 *(.rel.rodata)
 *(.rel.rodata.*)
 *(.rel.gnu.linkonce.r*)

.rela.rodata
 *(.rela.rodata)
 *(.rela.rodata.*)
 *(.rela.gnu.linkonce.r*)

.rel.data
 *(.rel.data)
 *(.rel.data.*)
 *(.rel.gnu.linkonce.d*)

.rela.data
 *(.rela.data)
 *(.rela.data.*)
 *(.rela.gnu.linkonce.d*)

.rel.ctors
 *(.rel.ctors)

.rela.ctors
 *(.rela.ctors)

.rel.dtors
 *(.rel.dtors)

.rela.dtors
 *(.rela.dtors)

.rel.got
 *(.rel.got)

.rela.got
 *(.rela.got)

.rel.bss
 *(.rel.bss)

.rela.bss
 *(.rela.bss)

.rel.plt
 *(.rel.plt)

.rela.plt
 *(.rela.plt)

.text           0x00000000     0x1ed0
 *(.vectors)
 .vectors       0x00000000      0x1fc D:/Atmel/Studio/7.0/Packs/atmel/XMEGAA_DFP/1.2.141/gcc/dev/atxmega128a3u/avrxmega6/crtatxmega128a3u.o
                0x00000000                __vector_default
                0x00000000                __vectors
 *(.vectors)
 *(.progmem.gcc*)
                0x000001fc                . = ALIGN (0x2)
                0x000001fc                __trampolines_start = .
 *(.trampolines)
 .trampolines   0x000001fc        0x0 linker stubs
 *(.trampolines*)
                0x000001fc                __trampolines_end = .
 *libprintf_flt.a:*(.progmem.data)
 *libc.a:*(.progmem.data)
 *(.progmem*)
                0x000001fc                . = ALIGN (0x2)
 *(.jumptables)
 *(.jumptables*)
 *(.lowtext)
 *(.lowtext*)
                0x000001fc                __ctors_start = .
 *(.ctors)
                0x000001fc                __ctors_end = .
                0x000001fc                __dtors_start = .
 *(.dtors)
                0x000001fc                __dtors_end = .
 SORT(*)(.ctors)
 SORT(*)(.dtors)
 *(.init0)
 .init0         0x000001fc        0x0 D:/Atmel/Studio/7.0/Packs/atmel/XMEGAA_DFP/1.2.141/gcc/dev/atxmega128a3u/avrxmega6/crtatxmega128a3u.o
                0x000001fc                __init
 *(.init0)
 *(.init1)
 *(.init1)
 *(.init2)
 .init2         0x000001fc       0x10 D:/Atmel/Studio/7.0/Packs/atmel/XMEGAA_DFP/1.2.141/gcc/dev/atxmega128a3u/avrxmega6/crtatxmega128a3u.o
 *(.init2)
 *(.init3)
 *(.init3)
 *(.init4)
 .init4         0x0000020c       0x1a d:/atmel/studio/7.0/toolchain/avr8/avr8-gnu-toolchain/bin/../lib/gcc/avr/5.4.0/avrxmega6\libgcc.a(_copy_data.o)
                0x0000020c                __do_copy_data
 .init4         0x00000226       0x10 d:/atmel/studio/7.0/toolchain/avr8/avr8-gnu-toolchain/bin/../lib/gcc/avr/5.4.0/avrxmega6\libgcc.a(_clear_bss.o)
                0x00000226                __do_clear_bss
 *(.init4)
 *(.init5)
 *(.init5)
 *(.init6)
 *(.init6)
 *(.init7)
 *(.init7)
 *(.init8)
 *(.init8)
 *(.init9)
 .init9         0x00000236        0x6 D:/Atmel/Studio/7.0/Packs/atmel/XMEGAA_DFP/1.2.141/gcc/dev/atxmega128a3u/avrxmega6/crtatxmega128a3u.o
 *(.init9)
 *(.text)
 .text          0x0000023c        0x2 D:/Atmel/Studio/7.0/Packs/atmel/XMEGAA_DFP/1.2.141/gcc/dev/atxmega128a3u/avrxmega6/crtatxmega128a3u.o
                0x0000023c                __vector_38
                0x0000023c                __vector_104
                0x0000023c                __vector_63
                0x0000023c                __vector_28
                0x0000023c                __vector_67
                0x0000023c                __vector_1
                0x0000023c                __vector_32
                0x0000023c                __vector_75
                0x0000023c                __vector_91
                0x0000023c                __vector_34
                0x0000023c                __vector_62
                0x0000023c                __vector_102
                0x0000023c                __vector_24
                0x0000023c                __vector_12
                0x0000023c                __vector_69
                0x0000023c                __vector_90
                0x0000023c                __vector_46
                0x0000023c                __bad_interrupt
                0x0000023c                __vector_122
                0x0000023c                __vector_114
                0x0000023c                __vector_6
                0x0000023c                __vector_31
                0x0000023c                __vector_92
                0x0000023c                __vector_35
                0x0000023c                __vector_117
                0x0000023c                __vector_107
                0x0000023c                __vector_3
                0x0000023c                __vector_105
                0x0000023c                __vector_98
                0x0000023c                __vector_68
                0x0000023c                __vector_30
                0x0000023c                __vector_45
                0x0000023c                __vector_25
                0x0000023c                __vector_93
                0x0000023c                __vector_61
                0x0000023c                __vector_11
                0x0000023c                __vector_99
                0x0000023c                __vector_13
                0x0000023c                __vector_7
                0x0000023c                __vector_125
                0x0000023c                __vector_123
                0x0000023c                __vector_100
                0x0000023c                __vector_101
                0x0000023c                __vector_64
                0x0000023c                __vector_88
                0x0000023c                __vector_43
                0x0000023c                __vector_27
                0x0000023c                __vector_5
                0x0000023c                __vector_33
                0x0000023c                __vector_76
                0x0000023c                __vector_115
                0x0000023c                __vector_37
                0x0000023c                __vector_95
                0x0000023c                __vector_103
                0x0000023c                __vector_96
                0x0000023c                __vector_89
                0x0000023c                __vector_4
                0x0000023c                __vector_44
                0x0000023c                __vector_106
                0x0000023c                __vector_118
                0x0000023c                __vector_9
                0x0000023c                __vector_2
                0x0000023c                __vector_66
                0x0000023c                __vector_36
                0x0000023c                __vector_58
                0x0000023c                __vector_70
                0x0000023c                __vector_29
                0x0000023c                __vector_60
                0x0000023c                __vector_121
                0x0000023c                __vector_94
                0x0000023c                __vector_126
                0x0000023c                __vector_8
                0x0000023c                __vector_26
                0x0000023c                __vector_124
                0x0000023c                __vector_116
                0x0000023c                __vector_57
                0x0000023c                __vector_10
                0x0000023c                __vector_59
                0x0000023c                __vector_97
                0x0000023c                __vector_87
                0x0000023c                __vector_65
                0x0000023e                . = ALIGN (0x2)
 *(.text.*)
 .text.adc_setup
                0x0000023e       0x1e adc_setup.o
                0x0000023e                adc_setup
 .text.setup_48MHz_12MHz_clock
                0x0000025c       0x46 clk_setup.o
                0x0000025c                setup_48MHz_12MHz_clock
 .text.TCC0_Setup
                0x000002a2       0x4e main.o
                0x000002a2                TCC0_Setup
 .text.setup    0x000002f0       0x26 main.o
                0x000002f0                setup
 .text.main     0x00000316       0xc0 main.o
                0x00000316                main
 .text.adc_enable_clock
                0x000003d6       0x42 src/ASF/xmega/drivers/adc/adc.o
                0x000003d6                adc_enable_clock
 .text.adc_disable_clock
                0x00000418       0x3e src/ASF/xmega/drivers/adc/adc.o
                0x00000418                adc_disable_clock
 .text.adc_enable
                0x00000456       0x58 src/ASF/xmega/drivers/adc/adc.o
                0x00000456                adc_enable
 .text.adc_disable
                0x000004ae       0x4c src/ASF/xmega/drivers/adc/adc.o
                0x000004ae                adc_disable
 .text.__vector_71
                0x000004fa       0x64 src/ASF/xmega/drivers/adc/xmega_aau/adc_aau.o
                0x000004fa                __vector_71
 .text.__vector_72
                0x0000055e       0x64 src/ASF/xmega/drivers/adc/xmega_aau/adc_aau.o
                0x0000055e                __vector_72
 .text.__vector_73
                0x000005c2       0x64 src/ASF/xmega/drivers/adc/xmega_aau/adc_aau.o
                0x000005c2                __vector_73
 .text.__vector_74
                0x00000626       0x64 src/ASF/xmega/drivers/adc/xmega_aau/adc_aau.o
                0x00000626                __vector_74
 .text.__vector_39
                0x0000068a       0x64 src/ASF/xmega/drivers/adc/xmega_aau/adc_aau.o
                0x0000068a                __vector_39
 .text.__vector_40
                0x000006ee       0x64 src/ASF/xmega/drivers/adc/xmega_aau/adc_aau.o
                0x000006ee                __vector_40
 .text.__vector_41
                0x00000752       0x64 src/ASF/xmega/drivers/adc/xmega_aau/adc_aau.o
                0x00000752                __vector_41
 .text.__vector_42
                0x000007b6       0x64 src/ASF/xmega/drivers/adc/xmega_aau/adc_aau.o
                0x000007b6                __vector_42
 .text.adc_write_configuration
                0x0000081a       0xd4 src/ASF/xmega/drivers/adc/xmega_aau/adc_aau.o
                0x0000081a                adc_write_configuration
 .text.adcch_write_configuration
                0x000008ee       0x9c src/ASF/xmega/drivers/adc/xmega_aau/adc_aau.o
                0x000008ee                adcch_write_configuration
 .text.__vector_14
                0x0000098a       0x5a src/ASF/xmega/drivers/tc/tc.o
                0x0000098a                __vector_14
 .text.__vector_15
                0x000009e4       0x5a src/ASF/xmega/drivers/tc/tc.o
                0x000009e4                __vector_15
 .text.__vector_16
                0x00000a3e       0x5a src/ASF/xmega/drivers/tc/tc.o
                0x00000a3e                __vector_16
 .text.__vector_17
                0x00000a98       0x5a src/ASF/xmega/drivers/tc/tc.o
                0x00000a98                __vector_17
 .text.__vector_18
                0x00000af2       0x5a src/ASF/xmega/drivers/tc/tc.o
                0x00000af2                __vector_18
 .text.__vector_19
                0x00000b4c       0x5a src/ASF/xmega/drivers/tc/tc.o
                0x00000b4c                __vector_19
 .text.__vector_20
                0x00000ba6       0x5a src/ASF/xmega/drivers/tc/tc.o
                0x00000ba6                __vector_20
 .text.__vector_21
                0x00000c00       0x5a src/ASF/xmega/drivers/tc/tc.o
                0x00000c00                __vector_21
 .text.__vector_22
                0x00000c5a       0x5a src/ASF/xmega/drivers/tc/tc.o
                0x00000c5a                __vector_22
 .text.__vector_23
                0x00000cb4       0x5a src/ASF/xmega/drivers/tc/tc.o
                0x00000cb4                __vector_23
 .text.__vector_77
                0x00000d0e       0x5a src/ASF/xmega/drivers/tc/tc.o
                0x00000d0e                __vector_77
 .text.__vector_78
                0x00000d68       0x5a src/ASF/xmega/drivers/tc/tc.o
                0x00000d68                __vector_78
 .text.__vector_79
                0x00000dc2       0x5a src/ASF/xmega/drivers/tc/tc.o
                0x00000dc2                __vector_79
 .text.__vector_80
                0x00000e1c       0x5a src/ASF/xmega/drivers/tc/tc.o
                0x00000e1c                __vector_80
 .text.__vector_81
                0x00000e76       0x5a src/ASF/xmega/drivers/tc/tc.o
                0x00000e76                __vector_81
 .text.__vector_82
                0x00000ed0       0x5a src/ASF/xmega/drivers/tc/tc.o
                0x00000ed0                __vector_82
 .text.__vector_83
                0x00000f2a       0x5a src/ASF/xmega/drivers/tc/tc.o
                0x00000f2a                __vector_83
 .text.__vector_84
                0x00000f84       0x5a src/ASF/xmega/drivers/tc/tc.o
                0x00000f84                __vector_84
 .text.__vector_85
                0x00000fde       0x5a src/ASF/xmega/drivers/tc/tc.o
                0x00000fde                __vector_85
 .text.__vector_86
                0x00001038       0x5a src/ASF/xmega/drivers/tc/tc.o
                0x00001038                __vector_86
 .text.__vector_47
                0x00001092       0x5a src/ASF/xmega/drivers/tc/tc.o
                0x00001092                __vector_47
 .text.__vector_48
                0x000010ec       0x5a src/ASF/xmega/drivers/tc/tc.o
                0x000010ec                __vector_48
 .text.__vector_49
                0x00001146       0x5a src/ASF/xmega/drivers/tc/tc.o
                0x00001146                __vector_49
 .text.__vector_50
                0x000011a0       0x5a src/ASF/xmega/drivers/tc/tc.o
                0x000011a0                __vector_50
 .text.__vector_51
                0x000011fa       0x5a src/ASF/xmega/drivers/tc/tc.o
                0x000011fa                __vector_51
 .text.__vector_52
                0x00001254       0x5a src/ASF/xmega/drivers/tc/tc.o
                0x00001254                __vector_52
 .text.__vector_53
                0x000012ae       0x5a src/ASF/xmega/drivers/tc/tc.o
                0x000012ae                __vector_53
 .text.__vector_54
                0x00001308       0x5a src/ASF/xmega/drivers/tc/tc.o
                0x00001308                __vector_54
 .text.__vector_55
                0x00001362       0x5a src/ASF/xmega/drivers/tc/tc.o
                0x00001362                __vector_55
 .text.__vector_56
                0x000013bc       0x5a src/ASF/xmega/drivers/tc/tc.o
                0x000013bc                __vector_56
 .text.__vector_108
                0x00001416       0x5a src/ASF/xmega/drivers/tc/tc.o
                0x00001416                __vector_108
 .text.__vector_109
                0x00001470       0x5a src/ASF/xmega/drivers/tc/tc.o
                0x00001470                __vector_109
 .text.__vector_110
                0x000014ca       0x5a src/ASF/xmega/drivers/tc/tc.o
                0x000014ca                __vector_110
 .text.__vector_111
                0x00001524       0x5a src/ASF/xmega/drivers/tc/tc.o
                0x00001524                __vector_111
 .text.__vector_112
                0x0000157e       0x5a src/ASF/xmega/drivers/tc/tc.o
                0x0000157e                __vector_112
 .text.__vector_113
                0x000015d8       0x5a src/ASF/xmega/drivers/tc/tc.o
                0x000015d8                __vector_113
 .text.tc_enable
                0x00001632       0xe2 src/ASF/xmega/drivers/tc/tc.o
                0x00001632                tc_enable
 .text.usartf0_init
                0x00001714       0x8e usartf0.o
                0x00001714                usartf0_init
 .text.get_char
                0x000017a2       0x3a usartf0.o
                0x000017a2                get_char
 .text.usart_putstring
                0x000017dc       0x88 usartf0.o
                0x000017dc                usart_putstring
 .text.__vector_120
                0x00001864       0x84 usartf0.o
                0x00001864                __vector_120
 .text.__vector_119
                0x000018e8       0x7c usartf0.o
                0x000018e8                __vector_119
 .text.sysclk_enable_module
                0x00001964       0x2c src/ASF/common/services/clock/xmega/sysclk.o
                0x00001964                sysclk_enable_module
 .text.sysclk_disable_module
                0x00001990       0x2a src/ASF/common/services/clock/xmega/sysclk.o
                0x00001990                sysclk_disable_module
 .text.fifo_init
                0x000019ba       0x18 src/ASF/common/services/fifo/fifo.o
                0x000019ba                fifo_init
 .text.nvm_read_byte
                0x000019d2       0x14 src/ASF/xmega/drivers/nvm/nvm_asm.o
                0x000019d2                nvm_read_byte
 .text.ccp_write_io
                0x000019e6        0xc src/ASF/xmega/drivers/cpu/ccp.o
                0x000019e6                ccp_write_io
 .text.usart_putchar
                0x000019f2       0x10 src/ASF/xmega/drivers/usart/usart.o
                0x000019f2                usart_putchar
 .text.usart_set_baudrate
                0x00001a02      0x1f0 src/ASF/xmega/drivers/usart/usart.o
                0x00001a02                usart_set_baudrate
 .text.usart_init_rs232
                0x00001bf2      0x258 src/ASF/xmega/drivers/usart/usart.o
                0x00001bf2                usart_init_rs232
 .text.libgcc.div
                0x00001e4a       0x28 d:/atmel/studio/7.0/toolchain/avr8/avr8-gnu-toolchain/bin/../lib/gcc/avr/5.4.0/avrxmega6\libgcc.a(_udivmodhi4.o)
                0x00001e4a                __udivmodhi4
 .text.libgcc.div
                0x00001e72       0x44 d:/atmel/studio/7.0/toolchain/avr8/avr8-gnu-toolchain/bin/../lib/gcc/avr/5.4.0/avrxmega6\libgcc.a(_udivmodsi4.o)
                0x00001e72                __udivmodsi4
 .text.avr-libc
                0x00001eb6       0x16 d:/atmel/studio/7.0/toolchain/avr8/avr8-gnu-toolchain/bin/../lib/gcc/avr/5.4.0/../../../../avr/lib/avrxmega6\libc.a(strcat.o)
                0x00001eb6                strcat
                0x00001ecc                . = ALIGN (0x2)
 *(.fini9)
 .fini9         0x00001ecc        0x0 d:/atmel/studio/7.0/toolchain/avr8/avr8-gnu-toolchain/bin/../lib/gcc/avr/5.4.0/avrxmega6\libgcc.a(_exit.o)
                0x00001ecc                _exit
                0x00001ecc                exit
 *(.fini9)
 *(.fini8)
 *(.fini8)
 *(.fini7)
 *(.fini7)
 *(.fini6)
 *(.fini6)
 *(.fini5)
 *(.fini5)
 *(.fini4)
 *(.fini4)
 *(.fini3)
 *(.fini3)
 *(.fini2)
 *(.fini2)
 *(.fini1)
 *(.fini1)
 *(.fini0)
 .fini0         0x00001ecc        0x4 d:/atmel/studio/7.0/toolchain/avr8/avr8-gnu-toolchain/bin/../lib/gcc/avr/5.4.0/avrxmega6\libgcc.a(_exit.o)
 *(.fini0)
                0x00001ed0                _etext = .

.data           0x00802000       0x22 load address 0x00001ed0
                0x00802000                PROVIDE (__data_start, .)
 *(.data)
 *(.data*)
 .data.ch_conf  0x00802000        0x4 adc_setup.o
 .data.conf     0x00802004        0x7 adc_setup.o
 .data.usart_options
                0x0080200b        0x7 usartf0.o
 *(.gnu.linkonce.d*)
 *(.rodata)
 *(.rodata*)
 .rodata.str1.1
                0x00802012       0x10 main.o
 *(.gnu.linkonce.r*)
                0x00802022                . = ALIGN (0x2)
                0x00802022                _edata = .
                0x00802022                PROVIDE (__data_end, .)

.bss            0x00802022      0x124
                0x00802022                PROVIDE (__bss_start, .)
 *(.bss)
 *(.bss*)
 .bss.PWM_TH    0x00802022        0x2 main.o
                0x00802022                PWM_TH
 .bss.adcb_enable_count
                0x00802024        0x1 src/ASF/xmega/drivers/adc/adc.o
 .bss.adca_enable_count
                0x00802025        0x1 src/ASF/xmega/drivers/adc/adc.o
 .bss.tc_tcf0_ccd_callback
                0x00802026        0x2 src/ASF/xmega/drivers/tc/tc.o
 .bss.tc_tcf0_ccc_callback
                0x00802028        0x2 src/ASF/xmega/drivers/tc/tc.o
 .bss.tc_tcf0_ccb_callback
                0x0080202a        0x2 src/ASF/xmega/drivers/tc/tc.o
 .bss.tc_tcf0_cca_callback
                0x0080202c        0x2 src/ASF/xmega/drivers/tc/tc.o
 .bss.tc_tcf0_err_callback
                0x0080202e        0x2 src/ASF/xmega/drivers/tc/tc.o
 .bss.tc_tcf0_ovf_callback
                0x00802030        0x2 src/ASF/xmega/drivers/tc/tc.o
 .bss.tc_tce1_ccb_callback
                0x00802032        0x2 src/ASF/xmega/drivers/tc/tc.o
 .bss.tc_tce1_cca_callback
                0x00802034        0x2 src/ASF/xmega/drivers/tc/tc.o
 .bss.tc_tce1_err_callback
                0x00802036        0x2 src/ASF/xmega/drivers/tc/tc.o
 .bss.tc_tce1_ovf_callback
                0x00802038        0x2 src/ASF/xmega/drivers/tc/tc.o
 .bss.tc_tce0_ccd_callback
                0x0080203a        0x2 src/ASF/xmega/drivers/tc/tc.o
 .bss.tc_tce0_ccc_callback
                0x0080203c        0x2 src/ASF/xmega/drivers/tc/tc.o
 .bss.tc_tce0_ccb_callback
                0x0080203e        0x2 src/ASF/xmega/drivers/tc/tc.o
 .bss.tc_tce0_cca_callback
                0x00802040        0x2 src/ASF/xmega/drivers/tc/tc.o
 .bss.tc_tce0_err_callback
                0x00802042        0x2 src/ASF/xmega/drivers/tc/tc.o
 .bss.tc_tce0_ovf_callback
                0x00802044        0x2 src/ASF/xmega/drivers/tc/tc.o
 .bss.tc_tcd1_ccb_callback
                0x00802046        0x2 src/ASF/xmega/drivers/tc/tc.o
 .bss.tc_tcd1_cca_callback
                0x00802048        0x2 src/ASF/xmega/drivers/tc/tc.o
 .bss.tc_tcd1_err_callback
                0x0080204a        0x2 src/ASF/xmega/drivers/tc/tc.o
 .bss.tc_tcd1_ovf_callback
                0x0080204c        0x2 src/ASF/xmega/drivers/tc/tc.o
 .bss.tc_tcd0_ccd_callback
                0x0080204e        0x2 src/ASF/xmega/drivers/tc/tc.o
 .bss.tc_tcd0_ccc_callback
                0x00802050        0x2 src/ASF/xmega/drivers/tc/tc.o
 .bss.tc_tcd0_ccb_callback
                0x00802052        0x2 src/ASF/xmega/drivers/tc/tc.o
 .bss.tc_tcd0_cca_callback
                0x00802054        0x2 src/ASF/xmega/drivers/tc/tc.o
 .bss.tc_tcd0_err_callback
                0x00802056        0x2 src/ASF/xmega/drivers/tc/tc.o
 .bss.tc_tcd0_ovf_callback
                0x00802058        0x2 src/ASF/xmega/drivers/tc/tc.o
 .bss.tc_tcc1_ccb_callback
                0x0080205a        0x2 src/ASF/xmega/drivers/tc/tc.o
 .bss.tc_tcc1_cca_callback
                0x0080205c        0x2 src/ASF/xmega/drivers/tc/tc.o
 .bss.tc_tcc1_err_callback
                0x0080205e        0x2 src/ASF/xmega/drivers/tc/tc.o
 .bss.tc_tcc1_ovf_callback
                0x00802060        0x2 src/ASF/xmega/drivers/tc/tc.o
 .bss.tc_tcc0_ccd_callback
                0x00802062        0x2 src/ASF/xmega/drivers/tc/tc.o
 .bss.tc_tcc0_ccc_callback
                0x00802064        0x2 src/ASF/xmega/drivers/tc/tc.o
 .bss.tc_tcc0_ccb_callback
                0x00802066        0x2 src/ASF/xmega/drivers/tc/tc.o
 .bss.tc_tcc0_cca_callback
                0x00802068        0x2 src/ASF/xmega/drivers/tc/tc.o
 .bss.tc_tcc0_err_callback
                0x0080206a        0x2 src/ASF/xmega/drivers/tc/tc.o
 .bss.tc_tcc0_ovf_callback
                0x0080206c        0x2 src/ASF/xmega/drivers/tc/tc.o
 .bss.transmit_stop
                0x0080206e        0x2 usartf0.o
 *(COMMON)
 COMMON         0x00802070        0xc main.o
                0x00802070                txfifo_desc
                0x00802076                rxfifo_desc
 COMMON         0x0080207c        0x6 src/ASF/common/services/sleepmgr/xmega/sleepmgr.o
                0x0080207c                sleepmgr_locks
 COMMON         0x00802082        0x4 src/ASF/xmega/drivers/adc/adc.o
                0x00802082                adcb_callback
                0x00802084                adca_callback
 COMMON         0x00802086       0xc0 usartf0.o
                0x00802086                fifo_txbuf
                0x00802106                fifo_rxbuf
                0x00802146                PROVIDE (__bss_end, .)
                0x00001ed0                __data_load_start = LOADADDR (.data)
                0x00001ef2                __data_load_end = (__data_load_start + SIZEOF (.data))

.noinit         0x00802146        0x0
                [!provide]                PROVIDE (__noinit_start, .)
 *(.noinit*)
                [!provide]                PROVIDE (__noinit_end, .)
                0x00802146                _end = .
                [!provide]                PROVIDE (__heap_start, .)

.eeprom         0x00810000        0x0
 *(.eeprom*)
                0x00810000                __eeprom_end = .

.fuse
 *(.fuse)
 *(.lfuse)
 *(.hfuse)
 *(.efuse)

.lock
 *(.lock*)

.signature
 *(.signature*)

.user_signatures
 *(.user_signatures*)

.stab
 *(.stab)

.stabstr
 *(.stabstr)

.stab.excl
 *(.stab.excl)

.stab.exclstr
 *(.stab.exclstr)

.stab.index
 *(.stab.index)

.stab.indexstr
 *(.stab.indexstr)

.comment        0x00000000       0x30
 *(.comment)
 .comment       0x00000000       0x30 adc_setup.o
                                 0x31 (size before relaxing)
 .comment       0x00000030       0x31 clk_setup.o
 .comment       0x00000030       0x31 main.o
 .comment       0x00000030       0x31 src/ASF/common/services/sleepmgr/xmega/sleepmgr.o
 .comment       0x00000030       0x31 src/ASF/xmega/drivers/adc/adc.o
 .comment       0x00000030       0x31 src/ASF/xmega/drivers/adc/xmega_aau/adc_aau.o
 .comment       0x00000030       0x31 src/ASF/xmega/drivers/tc/tc.o
 .comment       0x00000030       0x31 usartf0.o
 .comment       0x00000030       0x31 src/ASF/common/services/clock/xmega/sysclk.o
 .comment       0x00000030       0x31 src/ASF/common/services/fifo/fifo.o
 .comment       0x00000030       0x31 src/ASF/xmega/drivers/usart/usart.o

.note.gnu.avr.deviceinfo
                0x00000000       0x40
 .note.gnu.avr.deviceinfo
                0x00000000       0x40 D:/Atmel/Studio/7.0/Packs/atmel/XMEGAA_DFP/1.2.141/gcc/dev/atxmega128a3u/avrxmega6/crtatxmega128a3u.o

.note.gnu.build-id
 *(.note.gnu.build-id)

.debug
 *(.debug)

.line
 *(.line)

.debug_srcinfo
 *(.debug_srcinfo)

.debug_sfnames
 *(.debug_sfnames)

.debug_aranges  0x00000000      0x408
 *(.debug_aranges)
 .debug_aranges
                0x00000000       0x20 adc_setup.o
 .debug_aranges
                0x00000020       0x20 clk_setup.o
 .debug_aranges
                0x00000040       0x30 main.o
 .debug_aranges
                0x00000070       0x18 src/ASF/common/services/sleepmgr/xmega/sleepmgr.o
 .debug_aranges
                0x00000088       0x48 src/ASF/xmega/drivers/adc/adc.o
 .debug_aranges
                0x000000d0       0x78 src/ASF/xmega/drivers/adc/xmega_aau/adc_aau.o
 .debug_aranges
                0x00000148      0x178 src/ASF/xmega/drivers/tc/tc.o
 .debug_aranges
                0x000002c0       0x40 usartf0.o
 .debug_aranges
                0x00000300       0x40 src/ASF/common/services/clock/xmega/sysclk.o
 .debug_aranges
                0x00000340       0x20 src/ASF/common/services/fifo/fifo.o
 .debug_aranges
                0x00000360       0x28 src/ASF/xmega/drivers/nvm/nvm_asm.o
 .debug_aranges
                0x00000388       0x20 src/ASF/xmega/drivers/cpu/ccp.o
 .debug_aranges
                0x000003a8       0x60 src/ASF/xmega/drivers/usart/usart.o

.debug_pubnames
 *(.debug_pubnames)

.debug_info     0x00000000     0xce0d
 *(.debug_info .gnu.linkonce.wi.*)
 .debug_info    0x00000000     0x3409 D:/Atmel/Studio/7.0/Packs/atmel/XMEGAA_DFP/1.2.141/gcc/dev/atxmega128a3u/avrxmega6/crtatxmega128a3u.o
 .debug_info    0x00003409      0x824 adc_setup.o
 .debug_info    0x00003c2d      0x3c3 clk_setup.o
 .debug_info    0x00003ff0     0x15ff main.o
 .debug_info    0x000055ef      0x129 src/ASF/common/services/sleepmgr/xmega/sleepmgr.o
 .debug_info    0x00005718      0xa6b src/ASF/xmega/drivers/adc/adc.o
 .debug_info    0x00006183      0xe76 src/ASF/xmega/drivers/adc/xmega_aau/adc_aau.o
 .debug_info    0x00006ff9     0x16ba src/ASF/xmega/drivers/tc/tc.o
 .debug_info    0x000086b3      0xc6d usartf0.o
 .debug_info    0x00009320      0xc5e src/ASF/common/services/clock/xmega/sysclk.o
 .debug_info    0x00009f7e      0x1b7 src/ASF/common/services/fifo/fifo.o
 .debug_info    0x0000a135       0x6d src/ASF/xmega/drivers/nvm/nvm_asm.o
 .debug_info    0x0000a1a2       0x6d src/ASF/xmega/drivers/cpu/ccp.o
 .debug_info    0x0000a20f     0x2bfe src/ASF/xmega/drivers/usart/usart.o

.debug_abbrev   0x00000000     0x4b0a
 *(.debug_abbrev)
 .debug_abbrev  0x00000000     0x3148 D:/Atmel/Studio/7.0/Packs/atmel/XMEGAA_DFP/1.2.141/gcc/dev/atxmega128a3u/avrxmega6/crtatxmega128a3u.o
 .debug_abbrev  0x00003148      0x1cc adc_setup.o
 .debug_abbrev  0x00003314      0x150 clk_setup.o
 .debug_abbrev  0x00003464      0x31d main.o
 .debug_abbrev  0x00003781       0x84 src/ASF/common/services/sleepmgr/xmega/sleepmgr.o
 .debug_abbrev  0x00003805      0x2cc src/ASF/xmega/drivers/adc/adc.o
 .debug_abbrev  0x00003ad1      0x329 src/ASF/xmega/drivers/adc/xmega_aau/adc_aau.o
 .debug_abbrev  0x00003dfa      0x2a4 src/ASF/xmega/drivers/tc/tc.o
 .debug_abbrev  0x0000409e      0x2d1 usartf0.o
 .debug_abbrev  0x0000436f      0x28d src/ASF/common/services/clock/xmega/sysclk.o
 .debug_abbrev  0x000045fc       0xdd src/ASF/common/services/fifo/fifo.o
 .debug_abbrev  0x000046d9       0x12 src/ASF/xmega/drivers/nvm/nvm_asm.o
 .debug_abbrev  0x000046eb       0x14 src/ASF/xmega/drivers/cpu/ccp.o
 .debug_abbrev  0x000046ff      0x40b src/ASF/xmega/drivers/usart/usart.o

.debug_line     0x00000000     0x6514
 *(.debug_line .debug_line.* .debug_line_end)
 .debug_line    0x00000000      0x39d D:/Atmel/Studio/7.0/Packs/atmel/XMEGAA_DFP/1.2.141/gcc/dev/atxmega128a3u/avrxmega6/crtatxmega128a3u.o
 .debug_line    0x0000039d      0x84e adc_setup.o
 .debug_line    0x00000beb      0x889 clk_setup.o
 .debug_line    0x00001474      0xa0a main.o
 .debug_line    0x00001e7e      0x407 src/ASF/common/services/sleepmgr/xmega/sleepmgr.o
 .debug_line    0x00002285      0x769 src/ASF/xmega/drivers/adc/adc.o
 .debug_line    0x000029ee      0x925 src/ASF/xmega/drivers/adc/xmega_aau/adc_aau.o
 .debug_line    0x00003313      0xe76 src/ASF/xmega/drivers/tc/tc.o
 .debug_line    0x00004189      0xa69 usartf0.o
 .debug_line    0x00004bf2      0x748 src/ASF/common/services/clock/xmega/sysclk.o
 .debug_line    0x0000533a      0x3a1 src/ASF/common/services/fifo/fifo.o
 .debug_line    0x000056db      0x11f src/ASF/xmega/drivers/nvm/nvm_asm.o
 .debug_line    0x000057fa       0x6e src/ASF/xmega/drivers/cpu/ccp.o
 .debug_line    0x00005868      0xcac src/ASF/xmega/drivers/usart/usart.o

.debug_frame    0x00000000     0x15b8
 *(.debug_frame)
 .debug_frame   0x00000000       0x24 adc_setup.o
 .debug_frame   0x00000024       0x24 clk_setup.o
 .debug_frame   0x00000048       0x60 main.o
 .debug_frame   0x000000a8       0xbc src/ASF/xmega/drivers/adc/adc.o
 .debug_frame   0x00000164      0x3e4 src/ASF/xmega/drivers/adc/xmega_aau/adc_aau.o
 .debug_frame   0x00000548      0xd24 src/ASF/xmega/drivers/tc/tc.o
 .debug_frame   0x0000126c      0x10c usartf0.o
 .debug_frame   0x00001378       0xa4 src/ASF/common/services/clock/xmega/sysclk.o
 .debug_frame   0x0000141c       0x24 src/ASF/common/services/fifo/fifo.o
 .debug_frame   0x00001440      0x178 src/ASF/xmega/drivers/usart/usart.o

.debug_str      0x00000000    0x3129c
 *(.debug_str)
 .debug_str     0x00000000     0x223b D:/Atmel/Studio/7.0/Packs/atmel/XMEGAA_DFP/1.2.141/gcc/dev/atxmega128a3u/avrxmega6/crtatxmega128a3u.o
 .debug_str     0x0000223b    0x2c46e adc_setup.o
                              0x2cb56 (size before relaxing)
 .debug_str     0x0002e6a9      0x157 clk_setup.o
                              0x2c60f (size before relaxing)
 .debug_str     0x0002e800      0xdb9 main.o
                              0x2d433 (size before relaxing)
 .debug_str     0x0002f5b9       0xb3 src/ASF/common/services/sleepmgr/xmega/sleepmgr.o
                              0x29979 (size before relaxing)
 .debug_str     0x0002f66c      0x26d src/ASF/xmega/drivers/adc/adc.o
                              0x2bc09 (size before relaxing)
 .debug_str     0x0002f8d9      0x522 src/ASF/xmega/drivers/adc/xmega_aau/adc_aau.o
                              0x2be9c (size before relaxing)
 .debug_str     0x0002fdfb      0x677 src/ASF/xmega/drivers/tc/tc.o
                              0x2bacd (size before relaxing)
 .debug_str     0x00030472      0x344 usartf0.o
                              0x2cb4a (size before relaxing)
 .debug_str     0x000307b6      0x240 src/ASF/common/services/clock/xmega/sysclk.o
                              0x2b3d9 (size before relaxing)
 .debug_str     0x000309f6       0x27 src/ASF/common/services/fifo/fifo.o
                              0x29674 (size before relaxing)
 .debug_str     0x00030a1d      0x87f src/ASF/xmega/drivers/usart/usart.o
                              0x2c42a (size before relaxing)

.debug_loc      0x00000000     0x4523
 *(.debug_loc)
 .debug_loc     0x00000000       0x28 clk_setup.o
 .debug_loc     0x00000028      0x1f5 main.o
 .debug_loc     0x0000021d      0x2b3 src/ASF/xmega/drivers/adc/adc.o
 .debug_loc     0x000004d0      0xd0f src/ASF/xmega/drivers/adc/xmega_aau/adc_aau.o
 .debug_loc     0x000011df     0x1df6 src/ASF/xmega/drivers/tc/tc.o
 .debug_loc     0x00002fd5      0x4af usartf0.o
 .debug_loc     0x00003484      0x44f src/ASF/common/services/clock/xmega/sysclk.o
 .debug_loc     0x000038d3       0x53 src/ASF/common/services/fifo/fifo.o
 .debug_loc     0x00003926      0xbfd src/ASF/xmega/drivers/usart/usart.o

.debug_macinfo
 *(.debug_macinfo)

.debug_weaknames
 *(.debug_weaknames)

.debug_funcnames
 *(.debug_funcnames)

.debug_typenames
 *(.debug_typenames)

.debug_varnames
 *(.debug_varnames)

.debug_pubtypes
 *(.debug_pubtypes)

.debug_ranges   0x00000000      0x328
 *(.debug_ranges)
 .debug_ranges  0x00000000       0x10 adc_setup.o
 .debug_ranges  0x00000010       0x10 clk_setup.o
 .debug_ranges  0x00000020       0x20 main.o
 .debug_ranges  0x00000040       0x38 src/ASF/xmega/drivers/adc/adc.o
 .debug_ranges  0x00000078       0x68 src/ASF/xmega/drivers/adc/xmega_aau/adc_aau.o
 .debug_ranges  0x000000e0      0x168 src/ASF/xmega/drivers/tc/tc.o
 .debug_ranges  0x00000248       0x30 usartf0.o
 .debug_ranges  0x00000278       0x30 src/ASF/common/services/clock/xmega/sysclk.o
 .debug_ranges  0x000002a8       0x10 src/ASF/common/services/fifo/fifo.o
 .debug_ranges  0x000002b8       0x20 src/ASF/xmega/drivers/nvm/nvm_asm.o
 .debug_ranges  0x000002d8       0x50 src/ASF/xmega/drivers/usart/usart.o

.debug_macro    0x00000000     0xb776
 *(.debug_macro)
 .debug_macro   0x00000000      0x317 adc_setup.o
 .debug_macro   0x00000317      0xa8a adc_setup.o
 .debug_macro   0x00000da1       0x10 adc_setup.o
 .debug_macro   0x00000db1      0x1c9 adc_setup.o
 .debug_macro   0x00000f7a      0x2fc adc_setup.o
 .debug_macro   0x00001276       0x9e adc_setup.o
 .debug_macro   0x00001314     0x6320 adc_setup.o
 .debug_macro   0x00007634       0x9a adc_setup.o
 .debug_macro   0x000076ce       0xf1 adc_setup.o
 .debug_macro   0x000077bf       0x34 adc_setup.o
 .debug_macro   0x000077f3       0x16 adc_setup.o
 .debug_macro   0x00007809       0x18 adc_setup.o
 .debug_macro   0x00007821       0x5e adc_setup.o
 .debug_macro   0x0000787f       0x10 adc_setup.o
 .debug_macro   0x0000788f       0x22 adc_setup.o
 .debug_macro   0x000078b1      0x16d adc_setup.o
 .debug_macro   0x00007a1e       0x1c adc_setup.o
 .debug_macro   0x00007a3a       0x35 adc_setup.o
 .debug_macro   0x00007a6f       0x66 adc_setup.o
 .debug_macro   0x00007ad5      0x71d adc_setup.o
 .debug_macro   0x000081f2       0x96 adc_setup.o
 .debug_macro   0x00008288       0x17 adc_setup.o
 .debug_macro   0x0000829f      0x250 adc_setup.o
 .debug_macro   0x000084ef       0x76 adc_setup.o
 .debug_macro   0x00008565       0x16 adc_setup.o
 .debug_macro   0x0000857b      0x6d9 adc_setup.o
 .debug_macro   0x00008c54       0x10 adc_setup.o
 .debug_macro   0x00008c64      0x175 adc_setup.o
 .debug_macro   0x00008dd9       0x40 adc_setup.o
 .debug_macro   0x00008e19       0x69 adc_setup.o
 .debug_macro   0x00008e82       0x31 adc_setup.o
 .debug_macro   0x00008eb3       0xe4 adc_setup.o
 .debug_macro   0x00008f97       0x10 adc_setup.o
 .debug_macro   0x00008fa7       0x20 adc_setup.o
 .debug_macro   0x00008fc7       0x10 adc_setup.o
 .debug_macro   0x00008fd7       0x42 adc_setup.o
 .debug_macro   0x00009019       0x3a adc_setup.o
 .debug_macro   0x00009053      0x2df adc_setup.o
 .debug_macro   0x00009332       0xaf adc_setup.o
 .debug_macro   0x000093e1       0x72 adc_setup.o
 .debug_macro   0x00009453       0x2f adc_setup.o
 .debug_macro   0x00009482      0x154 adc_setup.o
 .debug_macro   0x000095d6       0xe3 adc_setup.o
 .debug_macro   0x000096b9       0x34 adc_setup.o
 .debug_macro   0x000096ed       0x82 adc_setup.o
 .debug_macro   0x0000976f      0x102 adc_setup.o
 .debug_macro   0x00009871       0x40 adc_setup.o
 .debug_macro   0x000098b1       0x12 adc_setup.o
 .debug_macro   0x000098c3       0x1c adc_setup.o
 .debug_macro   0x000098df       0x3a adc_setup.o
 .debug_macro   0x00009919       0x88 adc_setup.o
 .debug_macro   0x000099a1      0x2ff clk_setup.o
 .debug_macro   0x00009ca0       0x28 clk_setup.o
 .debug_macro   0x00009cc8      0x43a main.o
 .debug_macro   0x0000a102       0x8e main.o
 .debug_macro   0x0000a190      0x160 main.o
 .debug_macro   0x0000a2f0       0x4c main.o
 .debug_macro   0x0000a33c       0x16 main.o
 .debug_macro   0x0000a352      0x1a3 src/ASF/common/services/sleepmgr/xmega/sleepmgr.o
 .debug_macro   0x0000a4f5      0x22f src/ASF/xmega/drivers/adc/adc.o
 .debug_macro   0x0000a724      0x22f src/ASF/xmega/drivers/adc/xmega_aau/adc_aau.o
 .debug_macro   0x0000a953      0x225 src/ASF/xmega/drivers/tc/tc.o
 .debug_macro   0x0000ab78      0x302 src/ASF/xmega/drivers/tc/tc.o
 .debug_macro   0x0000ae7a      0x31d usartf0.o
 .debug_macro   0x0000b197       0x46 usartf0.o
 .debug_macro   0x0000b1dd      0x1db src/ASF/common/services/clock/xmega/sysclk.o
 .debug_macro   0x0000b3b8       0x26 src/ASF/common/services/clock/xmega/sysclk.o
 .debug_macro   0x0000b3de      0x177 src/ASF/common/services/fifo/fifo.o
 .debug_macro   0x0000b555      0x221 src/ASF/xmega/drivers/usart/usart.o
OUTPUT(BPM_v2.elf elf32-avr)
LOAD linker stubs

.BOOT           0x00020000        0x0
